// Jest Snapshot v1, https://goo.gl/fbAQLP

exports[`Home page contains product components Should display all product componenets 1`] = `
Object {
  "container": Object {
    "asFragment": [Function],
    "baseElement": <body>
      <div>
        <div>
          <div
            class="row"
          >
            <h1>
              fruits
            </h1>
            <div
              class="all-products"
            >
              <div
                class="product-container"
              >
                <img
                  alt="fruit"
                  class="img-product"
                  src="assets/banana.png"
                />
                <div
                  class="product-name"
                  data-testid="card-img"
                >
                  apple
                </div>
                <div
                  class="product-quantity"
                >
                  1
                   
                  Kg
                </div>
                <div
                  class="product-price"
                >
                  MRP
                   
                  20
                </div>
                <div
                  class="counter"
                >
                  <button
                    class="button-decrement"
                    type="button"
                  >
                    -
                  </button>
                  <div
                    class="in-basket"
                  >
                    2
                     
                    in Basket
                  </div>
                  <button
                    class="button-increment"
                    type="button"
                  >
                    +
                  </button>
                </div>
              </div>
            </div>
          </div>
        </div>
      </div>
    </body>,
    "container": <div>
      <div>
        <div
          class="row"
        >
          <h1>
            fruits
          </h1>
          <div
            class="all-products"
          >
            <div
              class="product-container"
            >
              <img
                alt="fruit"
                class="img-product"
                src="assets/banana.png"
              />
              <div
                class="product-name"
                data-testid="card-img"
              >
                apple
              </div>
              <div
                class="product-quantity"
              >
                1
                 
                Kg
              </div>
              <div
                class="product-price"
              >
                MRP
                 
                20
              </div>
              <div
                class="counter"
              >
                <button
                  class="button-decrement"
                  type="button"
                >
                  -
                </button>
                <div
                  class="in-basket"
                >
                  2
                   
                  in Basket
                </div>
                <button
                  class="button-increment"
                  type="button"
                >
                  +
                </button>
              </div>
            </div>
          </div>
        </div>
      </div>
    </div>,
    "debug": [Function],
    "findAllByAltText": [Function],
    "findAllByDisplayValue": [Function],
    "findAllByLabelText": [Function],
    "findAllByPlaceholderText": [Function],
    "findAllByRole": [Function],
    "findAllByTestId": [Function],
    "findAllByText": [Function],
    "findAllByTitle": [Function],
    "findByAltText": [Function],
    "findByDisplayValue": [Function],
    "findByLabelText": [Function],
    "findByPlaceholderText": [Function],
    "findByRole": [Function],
    "findByTestId": [Function],
    "findByText": [Function],
    "findByTitle": [Function],
    "getAllByAltText": [Function],
    "getAllByDisplayValue": [Function],
    "getAllByLabelText": [Function],
    "getAllByPlaceholderText": [Function],
    "getAllByRole": [Function],
    "getAllByTestId": [Function],
    "getAllByText": [Function],
    "getAllByTitle": [Function],
    "getByAltText": [Function],
    "getByDisplayValue": [Function],
    "getByLabelText": [Function],
    "getByPlaceholderText": [Function],
    "getByRole": [Function],
    "getByTestId": [Function],
    "getByText": [Function],
    "getByTitle": [Function],
    "queryAllByAltText": [Function],
    "queryAllByDisplayValue": [Function],
    "queryAllByLabelText": [Function],
    "queryAllByPlaceholderText": [Function],
    "queryAllByRole": [Function],
    "queryAllByTestId": [Function],
    "queryAllByText": [Function],
    "queryAllByTitle": [Function],
    "queryByAltText": [Function],
    "queryByDisplayValue": [Function],
    "queryByLabelText": [Function],
    "queryByPlaceholderText": [Function],
    "queryByRole": [Function],
    "queryByTestId": [Function],
    "queryByText": [Function],
    "queryByTitle": [Function],
    "rerender": [Function],
    "unmount": [Function],
  },
}
`;
