// Jest Snapshot v1, https://goo.gl/fbAQLP

exports[`Allorders should match the snapShot 1`] = `
<div>
  <div
    class="all-orders"
  >
    Post Orders
    <table
      class="top-table"
    >
      <tbody>
        <tr>
          <th>
            Order id
          </th>
          <th>
             Date
          </th>
          <th>
            amount
          </th>
          <th>
             Items
          </th>
        </tr>
        <tr>
          <td>
            1
          </td>
          <td>
            123
          </td>
          <td>
            12
          </td>
          <td>
            1
          </td>
        </tr>
        <tr>
          <div
            class="tab"
          >
            <table
              class="table1"
            >
              <thead>
                <tr
                  class="table1"
                >
                  <th>
                     ITEM DESCRIPTION 
                  </th>
                  <th>
                     UNIT PRICE
                  </th>
                  <th>
                     QUANTITY 
                  </th>
                  <th>
                     SUBTOTAL 
                  </th>
                </tr>
              </thead>
              <tbody>
                <tr>
                  <td>
                    idk
                  </td>
                </tr>
                <tr>
                  <td>
                    pp
                  </td>
                  <td>
                    12
                  </td>
                  <td>
                    0
                  </td>
                  <td>
                    0
                  </td>
                </tr>
              </tbody>
            </table>
          </div>
        </tr>
      </tbody>
    </table>
  </div>
</div>
`;
